Collecting poetry==1.2.2
  WARNING: Retrying (Retry(total=4, connect=None, read=None, redirect=None, status=None)) after connection broken by 'ReadTimeoutError("HTTPSConnectionPool(host='files.pythonhosted.org', port=443): Read timed out. (read timeout=15)")': /packages/79/1e/7373dfc4fe1174e03e58846ea94c3b635e209385125ecd62f1570771b25d/poetry-1.2.2-py3-none-any.whl
  Downloading poetry-1.2.2-py3-none-any.whl (212 kB)
     ━━━━━━━━━━━━━━━━━━━━━━━━━╸             143.4/212.4 kB 11.4 kB/s eta 0:00:07
ERROR: Exception:
Traceback (most recent call last):
  File "/home/oscar/.local/share/pypoetry/venv/lib/python3.10/site-packages/pip/_vendor/urllib3/response.py", line 435, in _error_catcher
    yield
  File "/home/oscar/.local/share/pypoetry/venv/lib/python3.10/site-packages/pip/_vendor/urllib3/response.py", line 516, in read
    data = self._fp.read(amt) if not fp_closed else b""
  File "/home/oscar/.local/share/pypoetry/venv/lib/python3.10/site-packages/pip/_vendor/cachecontrol/filewrapper.py", line 90, in read
    data = self.__fp.read(amt)
  File "/usr/lib/python3.10/http/client.py", line 465, in read
    s = self.fp.read(amt)
  File "/usr/lib/python3.10/socket.py", line 705, in readinto
    return self._sock.recv_into(b)
  File "/usr/lib/python3.10/ssl.py", line 1274, in recv_into
    return self.read(nbytes, buffer)
  File "/usr/lib/python3.10/ssl.py", line 1130, in read
    return self._sslobj.read(len, buffer)
TimeoutError: The read operation timed out

During handling of the above exception, another exception occurred:

Traceback (most recent call last):
  File "/home/oscar/.local/share/pypoetry/venv/lib/python3.10/site-packages/pip/_internal/cli/base_command.py", line 167, in exc_logging_wrapper
    status = run_func(*args)
  File "/home/oscar/.local/share/pypoetry/venv/lib/python3.10/site-packages/pip/_internal/cli/req_command.py", line 247, in wrapper
    return func(self, options, args)
  File "/home/oscar/.local/share/pypoetry/venv/lib/python3.10/site-packages/pip/_internal/commands/install.py", line 369, in run
    requirement_set = resolver.resolve(
  File "/home/oscar/.local/share/pypoetry/venv/lib/python3.10/site-packages/pip/_internal/resolution/resolvelib/resolver.py", line 92, in resolve
    result = self._result = resolver.resolve(
  File "/home/oscar/.local/share/pypoetry/venv/lib/python3.10/site-packages/pip/_vendor/resolvelib/resolvers.py", line 481, in resolve
    state = resolution.resolve(requirements, max_rounds=max_rounds)
  File "/home/oscar/.local/share/pypoetry/venv/lib/python3.10/site-packages/pip/_vendor/resolvelib/resolvers.py", line 348, in resolve
    self._add_to_criteria(self.state.criteria, r, parent=None)
  File "/home/oscar/.local/share/pypoetry/venv/lib/python3.10/site-packages/pip/_vendor/resolvelib/resolvers.py", line 172, in _add_to_criteria
    if not criterion.candidates:
  File "/home/oscar/.local/share/pypoetry/venv/lib/python3.10/site-packages/pip/_vendor/resolvelib/structs.py", line 151, in __bool__
    return bool(self._sequence)
  File "/home/oscar/.local/share/pypoetry/venv/lib/python3.10/site-packages/pip/_internal/resolution/resolvelib/found_candidates.py", line 155, in __bool__
    return any(self)
  File "/home/oscar/.local/share/pypoetry/venv/lib/python3.10/site-packages/pip/_internal/resolution/resolvelib/found_candidates.py", line 143, in <genexpr>
    return (c for c in iterator if id(c) not in self._incompatible_ids)
  File "/home/oscar/.local/share/pypoetry/venv/lib/python3.10/site-packages/pip/_internal/resolution/resolvelib/found_candidates.py", line 47, in _iter_built
    candidate = func()
  File "/home/oscar/.local/share/pypoetry/venv/lib/python3.10/site-packages/pip/_internal/resolution/resolvelib/factory.py", line 206, in _make_candidate_from_link
    self._link_candidate_cache[link] = LinkCandidate(
  File "/home/oscar/.local/share/pypoetry/venv/lib/python3.10/site-packages/pip/_internal/resolution/resolvelib/candidates.py", line 297, in __init__
    super().__init__(
  File "/home/oscar/.local/share/pypoetry/venv/lib/python3.10/site-packages/pip/_internal/resolution/resolvelib/candidates.py", line 162, in __init__
    self.dist = self._prepare()
  File "/home/oscar/.local/share/pypoetry/venv/lib/python3.10/site-packages/pip/_internal/resolution/resolvelib/candidates.py", line 231, in _prepare
    dist = self._prepare_distribution()
  File "/home/oscar/.local/share/pypoetry/venv/lib/python3.10/site-packages/pip/_internal/resolution/resolvelib/candidates.py", line 308, in _prepare_distribution
    return preparer.prepare_linked_requirement(self._ireq, parallel_builds=True)
  File "/home/oscar/.local/share/pypoetry/venv/lib/python3.10/site-packages/pip/_internal/operations/prepare.py", line 438, in prepare_linked_requirement
    return self._prepare_linked_requirement(req, parallel_builds)
  File "/home/oscar/.local/share/pypoetry/venv/lib/python3.10/site-packages/pip/_internal/operations/prepare.py", line 483, in _prepare_linked_requirement
    local_file = unpack_url(
  File "/home/oscar/.local/share/pypoetry/venv/lib/python3.10/site-packages/pip/_internal/operations/prepare.py", line 165, in unpack_url
    file = get_http_url(
  File "/home/oscar/.local/share/pypoetry/venv/lib/python3.10/site-packages/pip/_internal/operations/prepare.py", line 106, in get_http_url
    from_path, content_type = download(link, temp_dir.path)
  File "/home/oscar/.local/share/pypoetry/venv/lib/python3.10/site-packages/pip/_internal/network/download.py", line 147, in __call__
    for chunk in chunks:
  File "/home/oscar/.local/share/pypoetry/venv/lib/python3.10/site-packages/pip/_internal/cli/progress_bars.py", line 53, in _rich_progress_bar
    for chunk in iterable:
  File "/home/oscar/.local/share/pypoetry/venv/lib/python3.10/site-packages/pip/_internal/network/utils.py", line 63, in response_chunks
    for chunk in response.raw.stream(
  File "/home/oscar/.local/share/pypoetry/venv/lib/python3.10/site-packages/pip/_vendor/urllib3/response.py", line 573, in stream
    data = self.read(amt=amt, decode_content=decode_content)
  File "/home/oscar/.local/share/pypoetry/venv/lib/python3.10/site-packages/pip/_vendor/urllib3/response.py", line 509, in read
    with self._error_catcher():
  File "/usr/lib/python3.10/contextlib.py", line 153, in __exit__
    self.gen.throw(typ, value, traceback)
  File "/home/oscar/.local/share/pypoetry/venv/lib/python3.10/site-packages/pip/_vendor/urllib3/response.py", line 440, in _error_catcher
    raise ReadTimeoutError(self._pool, None, "Read timed out.")
pip._vendor.urllib3.exceptions.ReadTimeoutError: HTTPSConnectionPool(host='files.pythonhosted.org', port=443): Read timed out.

Traceback:

  File "<stdin>", line 919, in main
  File "<stdin>", line 550, in run
  File "<stdin>", line 572, in install
  File "<stdin>", line 675, in install_poetry
  File "<stdin>", line 367, in pip
  File "<stdin>", line 364, in python
  File "<stdin>", line 357, in run
